
> copronomie-v2@1.0.0 build C:\Users\sekou\OneDrive\Documents\copronomie\v2
> turbo build

turbo 2.5.6

• Packages in scope: @copronomie/api, @copronomie/config, @copronomie/types, @copronomie/ui, @copronomie/web
• Running build in 5 packages
• Remote caching disabled
@copronomie/api:build: cache hit, replaying logs f4d2e4bc8076a23e
@copronomie/api:build: 
@copronomie/api:build: > @copronomie/api@1.0.0 build C:\Users\sekou\OneDrive\Documents\copronomie\v2\apps\api
@copronomie/api:build: > tsc
@copronomie/api:build: 
@copronomie/types:build: cache hit, replaying logs 9c7625dd73858ca3
@copronomie/types:build: 
@copronomie/types:build: > @copronomie/types@0.0.1 build C:\Users\sekou\OneDrive\Documents\copronomie\v2\packages\types
@copronomie/types:build: > tsc
@copronomie/types:build: 
@copronomie/ui:build: cache hit, replaying logs efa2f4ef88577c1d
@copronomie/ui:build: 
@copronomie/ui:build: > @copronomie/ui@0.0.1 build C:\Users\sekou\OneDrive\Documents\copronomie\v2\packages\ui
@copronomie/ui:build: > tsc
@copronomie/ui:build: 
@copronomie/web:build: cache miss, executing 82232380b73b70ee
@copronomie/web:build: 
@copronomie/web:build: > @copronomie/web@0.1.0 build C:\Users\sekou\OneDrive\Documents\copronomie\v2\apps\web
@copronomie/web:build: > next build
@copronomie/web:build: 
@copronomie/web:build:    ▲ Next.js 15.5.3
@copronomie/web:build:    - Environments: .env.local
@copronomie/web:build: 
@copronomie/web:build:    Creating an optimized production build ...
@copronomie/web:build: 
@copronomie/web:build: [1m[33mwarn[39m[22m - Your `content` configuration includes a pattern which looks like it's accidentally matching all of `node_modules` and can cause serious performance issues.
@copronomie/web:build: [1m[33mwarn[39m[22m - Pattern: `..\..\packages\ui\**\*.ts`
@copronomie/web:build: [1m[33mwarn[39m[22m - See our documentation for recommendations:
@copronomie/web:build: [1m[33mwarn[39m[22m - https://tailwindcss.com/docs/content-configuration#pattern-recommendations
@copronomie/web:build:  ✓ Compiled successfully in 25.5s
@copronomie/web:build:    Linting and checking validity of types ...
@copronomie/web:build: 
@copronomie/web:build: Failed to compile.
@copronomie/web:build: 
@copronomie/web:build: ./src/app/auth/page.tsx
@copronomie/web:build: 23:23  Error: `'` can be escaped with `&apos;`, `&lsquo;`, `&#39;`, `&rsquo;`.  react/no-unescaped-entities
@copronomie/web:build: 189:31  Error: `'` can be escaped with `&apos;`, `&lsquo;`, `&#39;`, `&rsquo;`.  react/no-unescaped-entities
@copronomie/web:build: 
@copronomie/web:build: ./src/components/Footer.tsx
@copronomie/web:build: 44:107  Error: `'` can be escaped with `&apos;`, `&lsquo;`, `&#39;`, `&rsquo;`.  react/no-unescaped-entities
@copronomie/web:build: 
@copronomie/web:build: ./src/components/UserTypesSection.tsx
@copronomie/web:build: 120:36  Error: `'` can be escaped with `&apos;`, `&lsquo;`, `&#39;`, `&rsquo;`.  react/no-unescaped-entities
@copronomie/web:build: 
@copronomie/web:build: info  - Need to disable some ESLint rules? Learn more here: https://nextjs.org/docs/app/api-reference/config/eslint#disabling-rules
@copronomie/web:build:  ELIFECYCLE  Command failed with exit code 1.
@copronomie/web:build: ERROR: command finished with error: command (C:\Users\sekou\OneDrive\Documents\copronomie\v2\apps\web) C:\nvm4w\nodejs\pnpm.CMD run build exited (1)
@copronomie/web#build: command (C:\Users\sekou\OneDrive\Documents\copronomie\v2\apps\web) C:\nvm4w\nodejs\pnpm.CMD run build exited (1)

 Tasks:    3 successful, 4 total
Cached:    3 cached, 4 total
  Time:    1m20.098s 
Failed:    @copronomie/web#build

 ERROR  run failed: command  exited (1)
 ELIFECYCLE  Command failed with exit code 1.
